******************************************************************************
                  TI ARM Linker PC v20.2.7                     
******************************************************************************
>> Linked Sun Sep 21 17:17:19 2025

OUTPUT FILE NAME:   <Lab_3.2.out>
ENTRY POINT SYMBOL: "_c_int00_noargs"  address: 00002f21


MEMORY CONFIGURATION

         name            origin    length      used     unused   attr    fill
----------------------  --------  ---------  --------  --------  ----  --------
  FLASH                 00000000   00100000  00003742  000fc8be  R  X
  SRAM                  20000000   00040000  00000480  0003fb80  RW X


SEGMENT ALLOCATION MAP

run origin  load origin   length   init length attrs members
----------  ----------- ---------- ----------- ----- -------
00000000    00000000    00003748   00003748    r-x
  00000000    00000000    00000208   00000208    r-- .intvecs
  00000208    00000208    00002f1e   00002f1e    r-x .text
  00003128    00003128    000005ec   000005ec    r-- .const
  00003718    00003718    00000030   00000030    r-- .cinit
20000000    20000000    00000484   00000000    rw-
  20000000    20000000    0000026c   00000000    rw- .vtable
  20000270    20000270    00000200   00000000    rw- .stack
  20000470    20000470    00000014   00000000    rw- .data


SECTION ALLOCATION MAP

 output                                  attributes/
section   page    origin      length       input sections
--------  ----  ----------  ----------   ----------------
.intvecs   0    00000000    00000208     
                  00000000    00000208     tm4c129encpdt_startup_ccs.obj (.intvecs)

.text      0    00000208    00002f1e     
                  00000208    00000b14     rtsv7M4_T_le_v4SPD16_eabi.lib : _scanfi.c.obj (.text:__TI_scanfi)
                  00000d1c    00000460                                   : strtod.c.obj (.text:strtod)
                  0000117c    00000350     uartstdio.obj (.text)
                  000014cc    000002c0     main.obj (.text)
                  0000178c    00000200     driverlib.lib : sysctl.obj (.text:SysCtlClockFreqSet)
                  0000198c    000001dc     rtsv7M4_T_le_v4SPD16_eabi.lib : strtoll.c.obj (.text:strtoll)
                  00001b68    000001b6                                   : fd_add_t2.asm.obj (.text)
                  00001d1e    00000002                                   : div0.asm.obj (.text)
                  00001d20    000001a8     stopwatch.obj (.text)
                  00001ec8    0000015c     rtsv7M4_T_le_v4SPD16_eabi.lib : strtoull.c.obj (.text:strtoull)
                  00002024    00000136                                   : fd_div_t2.asm.obj (.text)
                  0000215a    00000132     driverlib.lib : gpio.obj (.text:GPIOPadConfigSet)
                  0000228c    00000130     rtsv7M4_T_le_v4SPD16_eabi.lib : strtol.c.obj (.text:strtol)
                  000023bc    00000110     driverlib.lib : sysctl.obj (.text:SysCtlClockGet)
                  000024cc    00000110     rtsv7M4_T_le_v4SPD16_eabi.lib : s_scalbn.c.obj (.text:scalbn)
                  000025dc    00000110                                   : strtoul.c.obj (.text:strtoul)
                  000026ec    000000fc                                   : fd_mul_t2.asm.obj (.text)
                  000027e8    0000009c                                   : memcpy_t2.asm.obj (.text)
                  00002884    00000096                                   : ull_div_t2.asm.obj (.text)
                  0000291a    00000086                                   : fd_cmp_t2.asm.obj (.text:__aeabi_cdcmple)
                  000029a0    0000007a                                   : memset_t2.asm.obj (.text)
                  00002a1a    00000002     --HOLE-- [fill = 0]
                  00002a1c    00000078     uart_functions.obj (.text)
                  00002a94    0000006e     rtsv7M4_T_le_v4SPD16_eabi.lib : fd_tos_t2.asm.obj (.text)
                  00002b02    00000002     --HOLE-- [fill = 0]
                  00002b04    00000068     driverlib.lib : interrupt.obj (.text:IntEnable)
                  00002b6c    00000068     rtsv7M4_T_le_v4SPD16_eabi.lib : sscanf.c.obj (.text:_chkmbc)
                  00002bd4    00000068                                   : copy_decompress_lzss.c.obj (.text:decompress:lzss:__TI_decompress_lzss)
                  00002c3c    00000060     driverlib.lib : timer.obj (.text:TimerConfigure)
                  00002c9c    0000004c                   : timer.obj (.text:_TimerIntNumberGet)
                  00002ce8    0000004c     rtsv7M4_T_le_v4SPD16_eabi.lib : atoi.c.obj (.text:atoi)
                  00002d34    00000048     driverlib.lib : gpio.obj (.text:GPIOPinConfigure)
                  00002d7c    00000048                   : sysctl.obj (.text:_SysCtlFrequencyGet)
                  00002dc4    00000044     rtsv7M4_T_le_v4SPD16_eabi.lib : autoinit.c.obj (.text:__TI_auto_init_nobinit_nopinit:__TI_auto_init_nobinit_nopinit)
                  00002e08    00000040                                   : u_divt2.asm.obj (.text)
                  00002e48    00000038     driverlib.lib : sysctl.obj (.text:SysCtlPeripheralReady)
                  00002e80    00000038     rtsv7M4_T_le_v4SPD16_eabi.lib : sscanf.c.obj (.text:sscanf)
                  00002eb8    00000034     driverlib.lib : interrupt.obj (.text:IntRegister)
                  00002eec    00000034                   : sysctl.obj (.text:SysCtlPeripheralEnable)
                  00002f20    00000034     rtsv7M4_T_le_v4SPD16_eabi.lib : boot_cortex_m.c.obj (.text:_c_int00_noargs:_c_int00_noargs)
                  00002f54    0000002a     driverlib.lib : gpio.obj (.text:GPIODirModeSet)
                  00002f7e    00000002     --HOLE-- [fill = 0]
                  00002f80    00000020                   : sysctl.obj (.text:_SysCtlMemTimingGet)
                  00002fa0    0000001c     rtsv7M4_T_le_v4SPD16_eabi.lib : copy_zero_init.c.obj (.text:decompress:ZI:__TI_zero_init_nomemset:__TI_zero_init_nomemset)
                  00002fbc    0000001a                                   : s_copysign.c.obj (.text:copysign)
                  00002fd6    00000002     --HOLE-- [fill = 0]
                  00002fd8    00000018     driverlib.lib : timer.obj (.text:TimerDisable)
                  00002ff0    00000018                   : timer.obj (.text:TimerIntRegister)
                  00003008    00000018     rtsv7M4_T_le_v4SPD16_eabi.lib : ll_mul_t2.asm.obj (.text)
                  00003020    00000018                                   : strrchr.c.obj (.text:strrchr)
                  00003038    00000016                                   : strchr.c.obj (.text:strchr)
                  0000304e    00000014                                   : strcpy.c.obj (.text:strcpy)
                  00003062    00000014                                   : strlen.c.obj (.text:strlen)
                  00003076    00000012     driverlib.lib : gpio.obj (.text:GPIOPinTypeUART)
                  00003088    00000012                   : timer.obj (.text:TimerLoadSet)
                  0000309a    00000012     rtsv7M4_T_le_v4SPD16_eabi.lib : sscanf.c.obj (.text:_inpchar)
                  000030ac    00000010     driverlib.lib : interrupt.obj (.text:IntMasterEnable)
                  000030bc    0000000e                   : timer.obj (.text:TimerEnable)
                  000030ca    0000000e     rtsv7M4_T_le_v4SPD16_eabi.lib : copy_decompress_none.c.obj (.text:decompress:none:__TI_decompress_none)
                  000030d8    0000000c     driverlib.lib : cpu.obj (.text:CPUcpsie)
                  000030e4    0000000c     tm4c129encpdt_startup_ccs.obj (.text)
                  000030f0    0000000a     driverlib.lib : uart.obj (.text:UARTCharGet)
                  000030fa    00000008                   : timer.obj (.text:TimerIntEnable)
                  00003102    00000002     --HOLE-- [fill = 0]
                  00003104    00000008     rtsv7M4_T_le_v4SPD16_eabi.lib : errno.c.obj (.text:__aeabi_errno_addr)
                  0000310c    00000008                                   : sscanf.c.obj (.text:_uninpchar)
                  00003114    00000006     driverlib.lib : uart.obj (.text:UARTClockSourceSet)
                  0000311a    00000004                   : timer.obj (.text:TimerIntClear)
                  0000311e    00000004     rtsv7M4_T_le_v4SPD16_eabi.lib : pre_init.c.obj (.text:_system_pre_init)
                  00003122    00000004                                   : exit.c.obj (.text:abort:abort)

.const     0    00003128    000005ec     
                  00003128    000001b0     driverlib.lib : sysctl.obj (.const:g_pppui32XTALtoVCO)
                  000032d8    00000101     rtsv7M4_T_le_v4SPD16_eabi.lib : ctype.c.obj (.const:.string:_ctypes_)
                  000033d9    00000007     --HOLE-- [fill = 0]
                  000033e0    000000c8                                   : strtod.c.obj (.const:$O1$$)
                  000034a8    00000090     driverlib.lib : gpio.obj (.const:g_pui32GPIOBaseAddrs)
                  00003538    00000070                   : interrupt.obj (.const)
                  000035a8    0000006c                   : sysctl.obj (.const:g_pui32Xtals)
                  00003614    00000060                   : timer.obj (.const:g_ppui32TimerIntMap)
                  00003674    00000040                   : timer.obj (.const:g_ppui32TimerIntMapSnowflake)
                  000036b4    00000030                   : sysctl.obj (.const:g_sXTALtoMEMTIM)
                  000036e4    00000010     rtsv7M4_T_le_v4SPD16_eabi.lib : _scanfi.c.obj (.const:$O1$$)
                  000036f4    0000000c     uartstdio.obj (.const:g_ui32UARTBase)
                  00003700    0000000c     uartstdio.obj (.const:g_ui32UARTPeriph)
                  0000370c    00000008     driverlib.lib : sysctl.obj (.const)

.cinit     0    00003718    00000030     
                  00003718    0000000c     (__TI_handler_table)
                  00003724    00000008     (.cinit..data.load) [load image, compression = lzss]
                  0000372c    00000004     --HOLE-- [fill = 0]
                  00003730    00000008     (.cinit..vtable.load) [load image, compression = zero_init]
                  00003738    00000010     (__TI_cinit_table)

.init_array 
*          0    00000000    00000000     UNINITIALIZED

.vtable    0    20000000    0000026c     UNINITIALIZED
                  20000000    0000026c     driverlib.lib : interrupt.obj (.vtable)

.data      0    20000470    00000014     UNINITIALIZED
                  20000470    00000006     stopwatch.obj (.data:global_stopwatch)
                  20000476    00000002     --HOLE--
                  20000478    00000005     uartstdio.obj (.data)
                  2000047d    00000003     --HOLE--
                  20000480    00000004     rtsv7M4_T_le_v4SPD16_eabi.lib : errno.c.obj (.data)

.stack     0    20000270    00000200     UNINITIALIZED
                  20000270    00000004     rtsv7M4_T_le_v4SPD16_eabi.lib : boot_cortex_m.c.obj (.stack)
                  20000274    000001fc     --HOLE--

__llvm_prf_cnts 
*          0    20000000    00000000     UNINITIALIZED

MODULE SUMMARY

       Module                          code    ro data   rw data
       ------                          ----    -------   -------
    .\
       uartstdio.obj                   848     24        5      
       main.obj                        704     0         0      
       tm4c129encpdt_startup_ccs.obj   12      520       0      
       stopwatch.obj                   424     0         6      
       uart_functions.obj              120     0         0      
    +--+-------------------------------+-------+---------+---------+
       Total:                          2108    544       11     
                                                                
    C:/ti/TivaWare_C_Series-2.1.4.178/driverlib/ccs/Debug/driverlib.lib
       sysctl.obj                      996     596       0      
       interrupt.obj                   172     112       620    
       gpio.obj                        438     144       0      
       timer.obj                       264     160       0      
       uart.obj                        16      0         0      
       cpu.obj                         12      0         0      
    +--+-------------------------------+-------+---------+---------+
       Total:                          1898    1012      620    
                                                                
    C:\ti\ccs1281\ccs\tools\compiler\ti-cgt-arm_20.2.7.LTS\lib\rtsv7M4_T_le_v4SPD16_eabi.lib
       _scanfi.c.obj                   2836    16        0      
       strtod.c.obj                    1120    200       0      
       strtoll.c.obj                   476     0         0      
       fd_add_t2.asm.obj               438     0         0      
       strtoull.c.obj                  348     0         0      
       fd_div_t2.asm.obj               310     0         0      
       strtol.c.obj                    304     0         0      
       s_scalbn.c.obj                  272     0         0      
       strtoul.c.obj                   272     0         0      
       ctype.c.obj                     0       257       0      
       fd_mul_t2.asm.obj               252     0         0      
       sscanf.c.obj                    186     0         0      
       memcpy_t2.asm.obj               156     0         0      
       ull_div_t2.asm.obj              150     0         0      
       fd_cmp_t2.asm.obj               134     0         0      
       memset_t2.asm.obj               122     0         0      
       fd_tos_t2.asm.obj               110     0         0      
       copy_decompress_lzss.c.obj      104     0         0      
       atoi.c.obj                      76      0         0      
       autoinit.c.obj                  68      0         0      
       u_divt2.asm.obj                 64      0         0      
       boot_cortex_m.c.obj             52      0         0      
       copy_zero_init.c.obj            28      0         0      
       s_copysign.c.obj                26      0         0      
       ll_mul_t2.asm.obj               24      0         0      
       strrchr.c.obj                   24      0         0      
       strchr.c.obj                    22      0         0      
       strcpy.c.obj                    20      0         0      
       strlen.c.obj                    20      0         0      
       copy_decompress_none.c.obj      14      0         0      
       errno.c.obj                     8       0         4      
       exit.c.obj                      4       0         0      
       pre_init.c.obj                  4       0         0      
       div0.asm.obj                    2       0         0      
    +--+-------------------------------+-------+---------+---------+
       Total:                          8046    473       4      
                                                                
       Stack:                          0       0         512    
       Linker Generated:               0       44        0      
    +--+-------------------------------+-------+---------+---------+
       Grand Total:                    12052   2073      1147   


LINKER GENERATED COPY TABLES

__TI_cinit_table @ 00003738 records: 2, size/record: 8, table size: 16
	.data: load addr=00003724, load size=00000008 bytes, run addr=20000470, run size=00000014 bytes, compression=lzss
	.vtable: load addr=00003730, load size=00000008 bytes, run addr=20000000, run size=0000026c bytes, compression=zero_init


LINKER GENERATED HANDLER TABLE

__TI_handler_table @ 00003718 records: 3, size/record: 4, table size: 12
	index: 0, handler: __TI_zero_init
	index: 1, handler: __TI_decompress_lzss
	index: 2, handler: __TI_decompress_none


GLOBAL SYMBOLS: SORTED ALPHABETICALLY BY Name 

address   name                          
-------   ----                          
00003123  C$$EXIT                       
000030d9  CPUcpsie                      
00002a43  ConfigureUART                 
00002f55  GPIODirModeSet                
0000215b  GPIOPadConfigSet              
00002d35  GPIOPinConfigure              
00003077  GPIOPinTypeUART               
00002b05  IntEnable                     
000030ad  IntMasterEnable               
00002eb9  IntRegister                   
000030e5  ResetISR                      
0000178d  SysCtlClockFreqSet            
000023bd  SysCtlClockGet                
00002eed  SysCtlPeripheralEnable        
00002e49  SysCtlPeripheralReady         
00002c3d  TimerConfigure                
00002fd9  TimerDisable                  
000030bd  TimerEnable                   
0000311b  TimerIntClear                 
000030fb  TimerIntEnable                
00002ff1  TimerIntRegister              
00003089  TimerLoadSet                  
000030f1  UARTCharGet                   
00003115  UARTClockSourceSet            
00001441  UARTStdioConfig               
00002a3f  UART_ReceiveString            
00002a25  UART_SendFormatted            
00002a1d  UART_SendString               
00001429  UARTgetc                      
000013a5  UARTgets                      
0000138b  UARTprintf                    
000011bd  UARTvprintf                   
0000117d  UARTwrite                     
20000470  __STACK_END                   
00000200  __STACK_SIZE                  
20000470  __STACK_TOP                   
00003738  __TI_CINIT_Base               
00003748  __TI_CINIT_Limit              
00003718  __TI_Handler_Table_Base       
00003724  __TI_Handler_Table_Limit      
00002dc5  __TI_auto_init_nobinit_nopinit
00002bd5  __TI_decompress_lzss          
000030cb  __TI_decompress_none          
ffffffff  __TI_pprof_out_hndl           
ffffffff  __TI_prof_data_size           
ffffffff  __TI_prof_data_start          
00000209  __TI_scanfi                   
00000000  __TI_static_base__            
00002fa1  __TI_zero_init_nomemset       
0000291b  __aeabi_cdcmpeq               
0000291b  __aeabi_cdcmple               
00002a95  __aeabi_d2f                   
00001b73  __aeabi_dadd                  
00002025  __aeabi_ddiv                  
000026ed  __aeabi_dmul                  
00001b69  __aeabi_dsub                  
00003105  __aeabi_errno_addr            
00001d1f  __aeabi_idiv0                 
00001d1f  __aeabi_ldiv0                 
00003009  __aeabi_lmul                  
000029a1  __aeabi_memclr                
000029a1  __aeabi_memclr4               
000029a1  __aeabi_memclr8               
000027e9  __aeabi_memcpy                
000027e9  __aeabi_memcpy4               
000027e9  __aeabi_memcpy8               
000029a3  __aeabi_memset                
000029a3  __aeabi_memset4               
000029a3  __aeabi_memset8               
00002e09  __aeabi_uidiv                 
00002e09  __aeabi_uidivmod              
00002885  __aeabi_uldivmod              
ffffffff  __binit__                     
ffffffff  __c_args__                    
UNDEFED   __mpu_init                    
20000270  __stack                       
20000000  __start___llvm_prf_cnts       
20000000  __stop___llvm_prf_cnts        
00002f21  _c_int00_noargs               
000032d8  _ctypes_                      
UNDEFED   _system_post_cinit            
0000311f  _system_pre_init              
00003123  abort                         
00002ce9  atoi                          
ffffffff  binit                         
00002fbd  copysign                      
00002fbd  copysignl                     
00001e63  create_stopwatch              
20000480  errno                         
20000000  g_pfnRAMVectors               
00000000  g_pfnVectors                  
20000470  global_stopwatch              
00001e3d  initialize_stopwatch          
000024cd  ldexp                         
000024cd  ldexpl                        
000014cd  main                          
000027e9  memcpy                        
000029a9  memset                        
00001e23  reset_stopwatch               
000024cd  scalbn                        
000024cd  scalbnl                       
00002e81  sscanf                        
00001e1b  start_stopwatch               
00001e13  stop_stopwatch                
00003039  strchr                        
0000304f  strcpy                        
00003063  strlen                        
00003021  strrchr                       
00000d1d  strtod                        
0000228d  strtol                        
00000d1d  strtold                       
0000198d  strtoll                       
000025dd  strtoul                       
00001ec9  strtoull                      
00001d21  update_stopwatch              


GLOBAL SYMBOLS: SORTED BY Symbol Address 

address   name                          
-------   ----                          
00000000  __TI_static_base__            
00000000  g_pfnVectors                  
00000200  __STACK_SIZE                  
00000209  __TI_scanfi                   
00000d1d  strtod                        
00000d1d  strtold                       
0000117d  UARTwrite                     
000011bd  UARTvprintf                   
0000138b  UARTprintf                    
000013a5  UARTgets                      
00001429  UARTgetc                      
00001441  UARTStdioConfig               
000014cd  main                          
0000178d  SysCtlClockFreqSet            
0000198d  strtoll                       
00001b69  __aeabi_dsub                  
00001b73  __aeabi_dadd                  
00001d1f  __aeabi_idiv0                 
00001d1f  __aeabi_ldiv0                 
00001d21  update_stopwatch              
00001e13  stop_stopwatch                
00001e1b  start_stopwatch               
00001e23  reset_stopwatch               
00001e3d  initialize_stopwatch          
00001e63  create_stopwatch              
00001ec9  strtoull                      
00002025  __aeabi_ddiv                  
0000215b  GPIOPadConfigSet              
0000228d  strtol                        
000023bd  SysCtlClockGet                
000024cd  ldexp                         
000024cd  ldexpl                        
000024cd  scalbn                        
000024cd  scalbnl                       
000025dd  strtoul                       
000026ed  __aeabi_dmul                  
000027e9  __aeabi_memcpy                
000027e9  __aeabi_memcpy4               
000027e9  __aeabi_memcpy8               
000027e9  memcpy                        
00002885  __aeabi_uldivmod              
0000291b  __aeabi_cdcmpeq               
0000291b  __aeabi_cdcmple               
000029a1  __aeabi_memclr                
000029a1  __aeabi_memclr4               
000029a1  __aeabi_memclr8               
000029a3  __aeabi_memset                
000029a3  __aeabi_memset4               
000029a3  __aeabi_memset8               
000029a9  memset                        
00002a1d  UART_SendString               
00002a25  UART_SendFormatted            
00002a3f  UART_ReceiveString            
00002a43  ConfigureUART                 
00002a95  __aeabi_d2f                   
00002b05  IntEnable                     
00002bd5  __TI_decompress_lzss          
00002c3d  TimerConfigure                
00002ce9  atoi                          
00002d35  GPIOPinConfigure              
00002dc5  __TI_auto_init_nobinit_nopinit
00002e09  __aeabi_uidiv                 
00002e09  __aeabi_uidivmod              
00002e49  SysCtlPeripheralReady         
00002e81  sscanf                        
00002eb9  IntRegister                   
00002eed  SysCtlPeripheralEnable        
00002f21  _c_int00_noargs               
00002f55  GPIODirModeSet                
00002fa1  __TI_zero_init_nomemset       
00002fbd  copysign                      
00002fbd  copysignl                     
00002fd9  TimerDisable                  
00002ff1  TimerIntRegister              
00003009  __aeabi_lmul                  
00003021  strrchr                       
00003039  strchr                        
0000304f  strcpy                        
00003063  strlen                        
00003077  GPIOPinTypeUART               
00003089  TimerLoadSet                  
000030ad  IntMasterEnable               
000030bd  TimerEnable                   
000030cb  __TI_decompress_none          
000030d9  CPUcpsie                      
000030e5  ResetISR                      
000030f1  UARTCharGet                   
000030fb  TimerIntEnable                
00003105  __aeabi_errno_addr            
00003115  UARTClockSourceSet            
0000311b  TimerIntClear                 
0000311f  _system_pre_init              
00003123  C$$EXIT                       
00003123  abort                         
000032d8  _ctypes_                      
00003718  __TI_Handler_Table_Base       
00003724  __TI_Handler_Table_Limit      
00003738  __TI_CINIT_Base               
00003748  __TI_CINIT_Limit              
20000000  __start___llvm_prf_cnts       
20000000  __stop___llvm_prf_cnts        
20000000  g_pfnRAMVectors               
20000270  __stack                       
20000470  __STACK_END                   
20000470  __STACK_TOP                   
20000470  global_stopwatch              
20000480  errno                         
ffffffff  __TI_pprof_out_hndl           
ffffffff  __TI_prof_data_size           
ffffffff  __TI_prof_data_start          
ffffffff  __binit__                     
ffffffff  __c_args__                    
ffffffff  binit                         
UNDEFED   __mpu_init                    
UNDEFED   _system_post_cinit            

[115 symbols]
