******************************************************************************
                  TI ARM Linker PC v20.2.7                     
******************************************************************************
>> Linked Wed Oct  8 20:12:13 2025

OUTPUT FILE NAME:   <Lab_5.3.out>
ENTRY POINT SYMBOL: "_c_int00_noargs"  address: 00003169


MEMORY CONFIGURATION

         name            origin    length      used     unused   attr    fill
----------------------  --------  ---------  --------  --------  ----  --------
  FLASH                 00000000   00100000  00003586  000fca7a  R  X
  SRAM                  20000000   00040000  0000c6f0  00033910  RW X


SEGMENT ALLOCATION MAP

run origin  load origin   length   init length attrs members
----------  ----------- ---------- ----------- ----- -------
00000000    00000000    00003588   00003588    r-x
  00000000    00000000    00000208   00000208    r-- .intvecs
  00000208    00000208    00003046   00003046    r-x .text
  00003250    00003250    00000300   00000300    r-- .const
  00003550    00003550    00000038   00000038    r-- .cinit
20000000    20000000    0000c6f4   00000000    rw-
  20000000    20000000    0000c4a4   00000000    rw- .bss
  2000c4a8    2000c4a8    00000200   00000000    rw- .stack
  2000c6a8    2000c6a8    0000004c   00000000    rw- .data


SECTION ALLOCATION MAP

 output                                  attributes/
section   page    origin      length       input sections
--------  ----  ----------  ----------   ----------------
.intvecs   0    00000000    00000208     
                  00000000    00000208     tm4c129encpdt_startup_ccs.obj (.intvecs)

.text      0    00000208    00003046     
                  00000208    00001180     tasks.obj (.text)
                  00001388    000006c4     queue.obj (.text)
                  00001a4c    00000400     uartstdio.obj (.text)
                  00001e4c    000003d0     main.obj (.text)
                  0000221c    0000038c     timers.obj (.text)
                  000025a8    00000200     driverlib.lib : sysctl.obj (.text:SysCtlClockFreqSet)
                  000027a8    00000136     rtsv7M4_T_le_v4SPD16_eabi.lib : fd_div_t2.asm.obj (.text)
                  000028de    00000132     driverlib.lib : gpio.obj (.text:GPIOPadConfigSet)
                  00002a10    00000118     heap_2.obj (.text)
                  00002b28    000000fc     rtsv7M4_T_le_v4SPD16_eabi.lib : fd_mul_t2.asm.obj (.text)
                  00002c24    000000dc     port.obj (.text)
                  00002d00    000000d2     portasm.obj (.text)
                  00002dd2    0000009c     rtsv7M4_T_le_v4SPD16_eabi.lib : memcpy_t2.asm.obj (.text)
                  00002e6e    0000008c     list.obj (.text)
                  00002efa    0000007a     rtsv7M4_T_le_v4SPD16_eabi.lib : memset_t2.asm.obj (.text)
                  00002f74    00000068                                   : copy_decompress_lzss.c.obj (.text:decompress:lzss:__TI_decompress_lzss)
                  00002fdc    00000048     driverlib.lib : gpio.obj (.text:GPIOPinConfigure)
                  00003024    00000048                   : sysctl.obj (.text:_SysCtlFrequencyGet)
                  0000306c    00000044     rtsv7M4_T_le_v4SPD16_eabi.lib : autoinit.c.obj (.text:__TI_auto_init_nobinit_nopinit:__TI_auto_init_nobinit_nopinit)
                  000030b0    00000044                                   : fd_tou_t2.asm.obj (.text)
                  000030f4    00000040                                   : u_divt2.asm.obj (.text)
                  00003134    00000034     driverlib.lib : sysctl.obj (.text:SysCtlPeripheralEnable)
                  00003168    00000034     rtsv7M4_T_le_v4SPD16_eabi.lib : boot_cortex_m.c.obj (.text:_c_int00_noargs:_c_int00_noargs)
                  0000319c    0000002a     driverlib.lib : gpio.obj (.text:GPIODirModeSet)
                  000031c6    00000002     rtsv7M4_T_le_v4SPD16_eabi.lib : div0.asm.obj (.text)
                  000031c8    00000020     driverlib.lib : sysctl.obj (.text:_SysCtlMemTimingGet)
                  000031e8    00000020     rtsv7M4_T_le_v4SPD16_eabi.lib : u_tofd_t2.asm.obj (.text)
                  00003208    00000012     driverlib.lib : gpio.obj (.text:GPIOPinTypeUART)
                  0000321a    0000000e     rtsv7M4_T_le_v4SPD16_eabi.lib : copy_decompress_none.c.obj (.text:decompress:none:__TI_decompress_none)
                  00003228    0000000c                                   : copy_zero_init.c.obj (.text:decompress:ZI:__TI_zero_init)
                  00003234    0000000c     tm4c129encpdt_startup_ccs.obj (.text)
                  00003240    00000006     driverlib.lib : uart.obj (.text:UARTClockSourceSet)
                  00003246    00000004     rtsv7M4_T_le_v4SPD16_eabi.lib : pre_init.c.obj (.text:_system_pre_init)
                  0000324a    00000004                                   : exit.c.obj (.text:abort:abort)

.const     0    00003250    00000300     
                  00003250    000001b0     driverlib.lib : sysctl.obj (.const:g_pppui32XTALtoVCO)
                  00003400    00000090                   : gpio.obj (.const:g_pui32GPIOBaseAddrs)
                  00003490    0000006c                   : sysctl.obj (.const:g_pui32Xtals)
                  000034fc    00000030                   : sysctl.obj (.const:g_sXTALtoMEMTIM)
                  0000352c    0000000c     uartstdio.obj (.const:g_ui32UARTBase)
                  00003538    0000000c     uartstdio.obj (.const:g_ui32UARTPeriph)
                  00003544    00000008     driverlib.lib : sysctl.obj (.const)
                  0000354c    00000004     port.obj (.const)

.cinit     0    00003550    00000038     
                  00003550    00000010     (.cinit..data.load) [load image, compression = lzss]
                  00003560    0000000c     (__TI_handler_table)
                  0000356c    00000004     --HOLE-- [fill = 0]
                  00003570    00000008     (.cinit..bss.load) [load image, compression = zero_init]
                  00003578    00000010     (__TI_cinit_table)

.init_array 
*          0    00000000    00000000     UNINITIALIZED

.bss       0    20000000    0000c4a4     UNINITIALIZED
                  20000000    0000c350     heap_2.obj (.bss:ucHeap)
                  2000c350    00000064     tasks.obj (.bss:pxReadyTasksLists)
                  2000c3b4    00000040     (.common:xQueueRegistry)
                  2000c3f4    00000014     timers.obj (.bss:xActiveTimerList1)
                  2000c408    00000014     timers.obj (.bss:xActiveTimerList2)
                  2000c41c    00000014     tasks.obj (.bss:xDelayedTaskList1)
                  2000c430    00000014     tasks.obj (.bss:xDelayedTaskList2)
                  2000c444    00000014     tasks.obj (.bss:xPendingReadyList)
                  2000c458    00000014     tasks.obj (.bss:xSuspendedTaskList)
                  2000c46c    00000014     tasks.obj (.bss:xTasksWaitingTermination)
                  2000c480    00000008     tasks.obj (.bss)
                  2000c488    00000008     timers.obj (.bss)
                  2000c490    00000008     heap_2.obj (.bss:xEnd)
                  2000c498    00000008     heap_2.obj (.bss:xStart)
                  2000c4a0    00000004     (.common:xSemaphore)

.data      0    2000c6a8    0000004c     UNINITIALIZED
                  2000c6a8    00000030     tasks.obj (.data)
                  2000c6d8    00000008     heap_2.obj (.data)
                  2000c6e0    00000008     timers.obj (.data)
                  2000c6e8    00000005     uartstdio.obj (.data)
                  2000c6ed    00000003     --HOLE--
                  2000c6f0    00000004     port.obj (.data)

.stack     0    2000c4a8    00000200     UNINITIALIZED
                  2000c4a8    00000004     rtsv7M4_T_le_v4SPD16_eabi.lib : boot_cortex_m.c.obj (.stack)
                  2000c4ac    000001fc     --HOLE--

__llvm_prf_cnts 
*          0    20000000    00000000     UNINITIALIZED

MODULE SUMMARY

       Module                          code    ro data   rw data
       ------                          ----    -------   -------
    .\
       uartstdio.obj                   1024    24        5      
       main.obj                        976     0         4      
       tm4c129encpdt_startup_ccs.obj   12      520       0      
    +--+-------------------------------+-------+---------+---------+
       Total:                          2012    544       9      
                                                                
    .\FreeRTOS\
       tasks.obj                       4480    0         256    
       queue.obj                       1732    0         64     
       timers.obj                      908     0         56     
       list.obj                        140     0         0      
    +--+-------------------------------+-------+---------+---------+
       Total:                          7260    0         376    
                                                                
    .\FreeRTOS\portable\CCS\ARM_CM4F\
       port.obj                        220     4         4      
       portasm.obj                     210     0         0      
    +--+-------------------------------+-------+---------+---------+
       Total:                          430     4         4      
                                                                
    .\FreeRTOS\portable\MemMang\
       heap_2.obj                      280     0         50024  
    +--+-------------------------------+-------+---------+---------+
       Total:                          280     0         50024  
                                                                
    C:/ti/TivaWare_C_Series-2.1.4.178/driverlib/ccs/Debug/driverlib.lib
       sysctl.obj                      668     596       0      
       gpio.obj                        438     144       0      
       uart.obj                        6       0         0      
    +--+-------------------------------+-------+---------+---------+
       Total:                          1112    740       0      
                                                                
    C:\ti\ccs1281\ccs\tools\compiler\ti-cgt-arm_20.2.7.LTS\lib\rtsv7M4_T_le_v4SPD16_eabi.lib
       fd_div_t2.asm.obj               310     0         0      
       fd_mul_t2.asm.obj               252     0         0      
       memcpy_t2.asm.obj               156     0         0      
       memset_t2.asm.obj               122     0         0      
       copy_decompress_lzss.c.obj      104     0         0      
       autoinit.c.obj                  68      0         0      
       fd_tou_t2.asm.obj               68      0         0      
       u_divt2.asm.obj                 64      0         0      
       boot_cortex_m.c.obj             52      0         0      
       u_tofd_t2.asm.obj               32      0         0      
       copy_decompress_none.c.obj      14      0         0      
       copy_zero_init.c.obj            12      0         0      
       exit.c.obj                      4       0         0      
       pre_init.c.obj                  4       0         0      
       div0.asm.obj                    2       0         0      
    +--+-------------------------------+-------+---------+---------+
       Total:                          1264    0         0      
                                                                
       Stack:                          0       0         512    
       Linker Generated:               0       52        0      
    +--+-------------------------------+-------+---------+---------+
       Grand Total:                    12358   1340      50925  


LINKER GENERATED COPY TABLES

__TI_cinit_table @ 00003578 records: 2, size/record: 8, table size: 16
	.data: load addr=00003550, load size=00000010 bytes, run addr=2000c6a8, run size=0000004c bytes, compression=lzss
	.bss: load addr=00003570, load size=00000008 bytes, run addr=20000000, run size=0000c4a4 bytes, compression=zero_init


LINKER GENERATED HANDLER TABLE

__TI_handler_table @ 00003560 records: 3, size/record: 4, table size: 12
	index: 0, handler: __TI_decompress_lzss
	index: 1, handler: __TI_decompress_none
	index: 2, handler: __TI_zero_init


GLOBAL SYMBOLS: SORTED ALPHABETICALLY BY Name 

address   name                             
-------   ----                             
0000324b  C$$EXIT                          
00001f1d  CheckDeadline                    
00001e6f  ConfigureUART                    
0000319d  GPIODirModeSet                   
000028df  GPIOPadConfigSet                 
00002fdd  GPIOPinConfigure                 
00003209  GPIOPinTypeUART                  
00003235  ResetISR                         
000025a9  SysCtlClockFreqSet               
00003135  SysCtlPeripheralEnable           
00002009  Task1                            
00001fc1  Task2                            
00001f51  Task3                            
00003241  UARTClockSourceSet               
00001da5  UARTStdioConfig                  
00001d91  UARTgetc                         
00001ca1  UARTgets                         
00001c87  UARTprintf                       
00001aab  UARTvprintf                      
00001a4d  UARTwrite                        
2000c6a8  __STACK_END                      
00000200  __STACK_SIZE                     
2000c6a8  __STACK_TOP                      
00003578  __TI_CINIT_Base                  
00003588  __TI_CINIT_Limit                 
00003560  __TI_Handler_Table_Base          
0000356c  __TI_Handler_Table_Limit         
0000306d  __TI_auto_init_nobinit_nopinit   
00002f75  __TI_decompress_lzss             
0000321b  __TI_decompress_none             
ffffffff  __TI_pprof_out_hndl              
ffffffff  __TI_prof_data_size              
ffffffff  __TI_prof_data_start             
00000000  __TI_static_base__               
00003229  __TI_zero_init                   
000030b1  __aeabi_d2uiz                    
000027a9  __aeabi_ddiv                     
00002b29  __aeabi_dmul                     
000031c7  __aeabi_idiv0                    
000031c7  __aeabi_ldiv0                    
00002efb  __aeabi_memclr                   
00002efb  __aeabi_memclr4                  
00002efb  __aeabi_memclr8                  
00002dd3  __aeabi_memcpy                   
00002dd3  __aeabi_memcpy4                  
00002dd3  __aeabi_memcpy8                  
00002efd  __aeabi_memset                   
00002efd  __aeabi_memset4                  
00002efd  __aeabi_memset8                  
000031e9  __aeabi_ui2d                     
000030f5  __aeabi_uidiv                    
000030f5  __aeabi_uidivmod                 
ffffffff  __binit__                        
ffffffff  __c_args__                       
00001f1b  __error__                        
UNDEFED   __mpu_init                       
2000c4a8  __stack                          
20000000  __start___llvm_prf_cnts          
20000000  __stop___llvm_prf_cnts           
00003169  _c_int00_noargs                  
UNDEFED   _system_post_cinit               
00003247  _system_pre_init                 
0000324b  abort                            
ffffffff  binit                            
00000000  g_pfnVectors                     
00001eab  main                             
00002dd3  memcpy                           
00002f03  memset                           
00002581  pcTimerGetTimerName              
00002a79  pvPortMalloc                     
000012bf  pvTaskIncrementMutexHeldCount    
00002333  pvTimerGetTimerID                
2000c6a8  pxCurrentTCB                     
00002cbb  pxPortInitialiseStack            
00001e4d  simulate_workload                
00001a3f  ucQueueGetQueueType              
0000354c  ulMaxSyscallInterruptPriority    
00002d11  ulPortGetIPSR                    
00001231  ulTaskNotifyTake                 
00002edb  uxListRemove                     
00001a3b  uxQueueGetQueueNumber            
00001a29  uxQueueMessagesWaiting           
00001a25  uxQueueMessagesWaitingFromISR    
00001a11  uxQueueSpacesAvailable           
00001211  uxTaskGetNumberOfTasks           
0000118d  uxTaskGetSystemState             
000010e5  uxTaskGetTaskNumber              
000010c9  uxTaskPriorityGet                
000010a9  uxTaskPriorityGetFromISR         
00001095  uxTaskResetEventItemValue        
00002ec5  vListInitialise                  
00002ebf  vListInitialiseItem              
00002e87  vListInsert                      
00002e6f  vListInsertEnd                   
00002dc5  vPortEnableVFP                   
00002cb9  vPortEndScheduler                
00002ca1  vPortEnterCritical               
00002c8f  vPortExitCritical                
00002a19  vPortFree                        
00002a17  vPortInitialiseBlocks            
00002d89  vPortSVCHandler                  
00002c4b  vPortSetupTimerInterrupt         
00002da9  vPortStartFirstTask              
000019f5  vQueueAddToRegistry              
000019e5  vQueueDelete                     
000019e1  vQueueSetQueueNumber             
000019c7  vQueueUnregisterQueue            
00001987  vQueueWaitForMessageRestricted   
00001049  vTaskDelay                       
00000fcb  vTaskDelayUntil                  
00000f39  vTaskDelete                      
00000f21  vTaskEndScheduler                
00000f19  vTaskMissedYield                 
00000e99  vTaskNotifyGiveFromISR           
00000e35  vTaskPlaceOnEventList            
00000dd5  vTaskPlaceOnEventListRestricted  
00000d71  vTaskPlaceOnUnorderedEventList   
00000ced  vTaskPriorityInherit             
00000c1d  vTaskPrioritySet                 
00000bb1  vTaskResume                      
00000b95  vTaskSetTaskNumber               
000009f9  vTaskSetTimeOutState             
00000b47  vTaskStartScheduler              
00000ab5  vTaskSuspend                     
00000aa5  vTaskSuspendAll                  
00000a53  vTaskSwitchContext               
0000231d  vTimerSetTimerID                 
00002a11  xPortGetFreeHeapSize             
00002d29  xPortPendSVHandler               
00002c57  xPortStartScheduler              
00002c25  xPortSysTickHandler              
00001973  xQueueCreateCountingSemaphore    
00001925  xQueueCreateMutex                
000018e9  xQueueGenericCreate              
0000142b  xQueueGenericReceive             
0000186b  xQueueGenericReset               
000016a3  xQueueGenericSend                
0000180f  xQueueGenericSendFromISR         
000017b9  xQueueGiveFromISR                
0000178d  xQueueGiveMutexRecursive         
00001609  xQueueIsQueueEmptyFromISR        
000015fb  xQueueIsQueueFullFromISR         
000015c9  xQueuePeekFromISR                
0000156d  xQueueReceiveFromISR             
2000c3b4  xQueueRegistry                   
0000153d  xQueueTakeMutexRecursive         
2000c4a0  xSemaphore                       
00000a07  xTaskCheckForTimeOut             
0000090d  xTaskGenericCreate               
00000791  xTaskGenericNotify               
000006e1  xTaskGenericNotifyFromISR        
000006d5  xTaskGetCurrentTaskHandle        
000006bd  xTaskGetSchedulerState           
000006b1  xTaskGetTickCount                
000006ab  xTaskGetTickCountFromISR         
000002ad  xTaskIncrementTick               
00000681  xTaskNotifyStateClear            
000005c5  xTaskNotifyWait                  
000004f9  xTaskPriorityDisinherit          
00000495  xTaskRemoveFromEventList         
00000445  xTaskRemoveFromUnorderedEventList
00000389  xTaskResumeAll                   
00000223  xTaskResumeFromISR               
000022e3  xTimerCreate                     
000022b1  xTimerCreateTimerTask            
00002235  xTimerGenericCommand             
0000221d  xTimerIsTimerActive              


GLOBAL SYMBOLS: SORTED BY Symbol Address 

address   name                             
-------   ----                             
00000000  __TI_static_base__               
00000000  g_pfnVectors                     
00000200  __STACK_SIZE                     
00000223  xTaskResumeFromISR               
000002ad  xTaskIncrementTick               
00000389  xTaskResumeAll                   
00000445  xTaskRemoveFromUnorderedEventList
00000495  xTaskRemoveFromEventList         
000004f9  xTaskPriorityDisinherit          
000005c5  xTaskNotifyWait                  
00000681  xTaskNotifyStateClear            
000006ab  xTaskGetTickCountFromISR         
000006b1  xTaskGetTickCount                
000006bd  xTaskGetSchedulerState           
000006d5  xTaskGetCurrentTaskHandle        
000006e1  xTaskGenericNotifyFromISR        
00000791  xTaskGenericNotify               
0000090d  xTaskGenericCreate               
000009f9  vTaskSetTimeOutState             
00000a07  xTaskCheckForTimeOut             
00000a53  vTaskSwitchContext               
00000aa5  vTaskSuspendAll                  
00000ab5  vTaskSuspend                     
00000b47  vTaskStartScheduler              
00000b95  vTaskSetTaskNumber               
00000bb1  vTaskResume                      
00000c1d  vTaskPrioritySet                 
00000ced  vTaskPriorityInherit             
00000d71  vTaskPlaceOnUnorderedEventList   
00000dd5  vTaskPlaceOnEventListRestricted  
00000e35  vTaskPlaceOnEventList            
00000e99  vTaskNotifyGiveFromISR           
00000f19  vTaskMissedYield                 
00000f21  vTaskEndScheduler                
00000f39  vTaskDelete                      
00000fcb  vTaskDelayUntil                  
00001049  vTaskDelay                       
00001095  uxTaskResetEventItemValue        
000010a9  uxTaskPriorityGetFromISR         
000010c9  uxTaskPriorityGet                
000010e5  uxTaskGetTaskNumber              
0000118d  uxTaskGetSystemState             
00001211  uxTaskGetNumberOfTasks           
00001231  ulTaskNotifyTake                 
000012bf  pvTaskIncrementMutexHeldCount    
0000142b  xQueueGenericReceive             
0000153d  xQueueTakeMutexRecursive         
0000156d  xQueueReceiveFromISR             
000015c9  xQueuePeekFromISR                
000015fb  xQueueIsQueueFullFromISR         
00001609  xQueueIsQueueEmptyFromISR        
000016a3  xQueueGenericSend                
0000178d  xQueueGiveMutexRecursive         
000017b9  xQueueGiveFromISR                
0000180f  xQueueGenericSendFromISR         
0000186b  xQueueGenericReset               
000018e9  xQueueGenericCreate              
00001925  xQueueCreateMutex                
00001973  xQueueCreateCountingSemaphore    
00001987  vQueueWaitForMessageRestricted   
000019c7  vQueueUnregisterQueue            
000019e1  vQueueSetQueueNumber             
000019e5  vQueueDelete                     
000019f5  vQueueAddToRegistry              
00001a11  uxQueueSpacesAvailable           
00001a25  uxQueueMessagesWaitingFromISR    
00001a29  uxQueueMessagesWaiting           
00001a3b  uxQueueGetQueueNumber            
00001a3f  ucQueueGetQueueType              
00001a4d  UARTwrite                        
00001aab  UARTvprintf                      
00001c87  UARTprintf                       
00001ca1  UARTgets                         
00001d91  UARTgetc                         
00001da5  UARTStdioConfig                  
00001e4d  simulate_workload                
00001e6f  ConfigureUART                    
00001eab  main                             
00001f1b  __error__                        
00001f1d  CheckDeadline                    
00001f51  Task3                            
00001fc1  Task2                            
00002009  Task1                            
0000221d  xTimerIsTimerActive              
00002235  xTimerGenericCommand             
000022b1  xTimerCreateTimerTask            
000022e3  xTimerCreate                     
0000231d  vTimerSetTimerID                 
00002333  pvTimerGetTimerID                
00002581  pcTimerGetTimerName              
000025a9  SysCtlClockFreqSet               
000027a9  __aeabi_ddiv                     
000028df  GPIOPadConfigSet                 
00002a11  xPortGetFreeHeapSize             
00002a17  vPortInitialiseBlocks            
00002a19  vPortFree                        
00002a79  pvPortMalloc                     
00002b29  __aeabi_dmul                     
00002c25  xPortSysTickHandler              
00002c4b  vPortSetupTimerInterrupt         
00002c57  xPortStartScheduler              
00002c8f  vPortExitCritical                
00002ca1  vPortEnterCritical               
00002cb9  vPortEndScheduler                
00002cbb  pxPortInitialiseStack            
00002d11  ulPortGetIPSR                    
00002d29  xPortPendSVHandler               
00002d89  vPortSVCHandler                  
00002da9  vPortStartFirstTask              
00002dc5  vPortEnableVFP                   
00002dd3  __aeabi_memcpy                   
00002dd3  __aeabi_memcpy4                  
00002dd3  __aeabi_memcpy8                  
00002dd3  memcpy                           
00002e6f  vListInsertEnd                   
00002e87  vListInsert                      
00002ebf  vListInitialiseItem              
00002ec5  vListInitialise                  
00002edb  uxListRemove                     
00002efb  __aeabi_memclr                   
00002efb  __aeabi_memclr4                  
00002efb  __aeabi_memclr8                  
00002efd  __aeabi_memset                   
00002efd  __aeabi_memset4                  
00002efd  __aeabi_memset8                  
00002f03  memset                           
00002f75  __TI_decompress_lzss             
00002fdd  GPIOPinConfigure                 
0000306d  __TI_auto_init_nobinit_nopinit   
000030b1  __aeabi_d2uiz                    
000030f5  __aeabi_uidiv                    
000030f5  __aeabi_uidivmod                 
00003135  SysCtlPeripheralEnable           
00003169  _c_int00_noargs                  
0000319d  GPIODirModeSet                   
000031c7  __aeabi_idiv0                    
000031c7  __aeabi_ldiv0                    
000031e9  __aeabi_ui2d                     
00003209  GPIOPinTypeUART                  
0000321b  __TI_decompress_none             
00003229  __TI_zero_init                   
00003235  ResetISR                         
00003241  UARTClockSourceSet               
00003247  _system_pre_init                 
0000324b  C$$EXIT                          
0000324b  abort                            
0000354c  ulMaxSyscallInterruptPriority    
00003560  __TI_Handler_Table_Base          
0000356c  __TI_Handler_Table_Limit         
00003578  __TI_CINIT_Base                  
00003588  __TI_CINIT_Limit                 
20000000  __start___llvm_prf_cnts          
20000000  __stop___llvm_prf_cnts           
2000c3b4  xQueueRegistry                   
2000c4a0  xSemaphore                       
2000c4a8  __stack                          
2000c6a8  __STACK_END                      
2000c6a8  __STACK_TOP                      
2000c6a8  pxCurrentTCB                     
ffffffff  __TI_pprof_out_hndl              
ffffffff  __TI_prof_data_size              
ffffffff  __TI_prof_data_start             
ffffffff  __binit__                        
ffffffff  __c_args__                       
ffffffff  binit                            
UNDEFED   __mpu_init                       
UNDEFED   _system_post_cinit               

[167 symbols]
